TAP version 13
# Subtest: 쌀 풍미 필수는 모든 부분 대안보다 우선
ok 1 - 쌀 풍미 필수는 모든 부분 대안보다 우선
  ---
  duration_ms: 1.2257
  type: 'test'
  ...
# Subtest: 사용자가 필수 조건을 해제한 경우에만 부분 대안
ok 2 - 사용자가 필수 조건을 해제한 경우에만 부분 대안
  ---
  duration_ms: 32.9441
  type: 'test'
  ...
# Subtest: 미확인 매장은 추천 보류
ok 3 - 미확인 매장은 추천 보류
  ---
  duration_ms: 0.2255
  type: 'test'
  ...
# Subtest: 품절 후보 제외
ok 4 - 품절 후보 제외
  ---
  duration_ms: 0.2429
  type: 'test'
  ...
# Subtest: 선호와 필수 조건 모두 미선택은 확인 요청
ok 5 - 선호와 필수 조건 모두 미선택은 확인 요청
  ---
  duration_ms: 0.5902
  type: 'test'
  ...
# Subtest: 바삭한 토핑만 원하면 억지 추천하지 않음
ok 6 - 바삭한 토핑만 원하면 억지 추천하지 않음
  ---
  duration_ms: 0.2651
  type: 'test'
  ...
# Subtest: 잘못된 태그와 중복 차단
ok 7 - 잘못된 태그와 중복 차단
  ---
  duration_ms: 0.3808
  type: 'test'
  ...
# Subtest: 전 조합의 필수·품절 조건 유지
ok 8 - 전 조합의 필수·품절 조건 유지
  ---
  duration_ms: 1.4347
  type: 'test'
  ...
# Subtest: 재출시 요청 유효
ok 9 - 재출시 요청 유효
  ---
  duration_ms: 0.5133
  type: 'test'
  ...
# Subtest: 공백 요청·길이 제한
ok 10 - 공백 요청·길이 제한
  ---
  duration_ms: 2.0254
  type: 'test'
  ...
# Subtest: 지점 확장 요청에 메뉴와 지점 필수
ok 11 - 지점 확장 요청에 메뉴와 지점 필수
  ---
  duration_ms: 0.3471
  type: 'test'
  ...
# Subtest: 제안은 재료와 고객 맥락 필수
ok 12 - 제안은 재료와 고객 맥락 필수
  ---
  duration_ms: 0.2282
  type: 'test'
  ...
# Subtest: 사전에 없는 재료나 음료 형식 차단
ok 13 - 사전에 없는 재료나 음료 형식 차단
  ---
  duration_ms: 0.2206
  type: 'test'
  ...
# Subtest: 기록 스키마와 시간 검증
ok 14 - 기록 스키마와 시간 검증
  ---
  duration_ms: 2.4288
  type: 'test'
  ...
# Subtest: 필수 조건 위반 후보 저장 차단
ok 15 - 필수 조건 위반 후보 저장 차단
  ---
  duration_ms: 0.1777
  type: 'test'
  ...
# Subtest: 후보 중복은 취향 선택 순서·평가와 무관
ok 16 - 후보 중복은 취향 선택 순서·평가와 무관
  ---
  duration_ms: 0.6186
  type: 'test'
  ...
# Subtest: 커피 비선호이면 라떼·콜드 브루 제외
ok 17 - 커피 비선호이면 라떼·콜드 브루 제외
  ---
  duration_ms: 4.2149
  type: 'test'
  ...
# Subtest: 5개 취향의 전체 192 조합에서 필수 조건 유지
ok 18 - 5개 취향의 전체 192 조합에서 필수 조건 유지
  ---
  duration_ms: 31.2007
  type: 'test'
  ...
# Subtest: 기본 화면과 평가 목록의 공통 메뉴 태그 일치
ok 19 - 기본 화면과 평가 목록의 공통 메뉴 태그 일치
  ---
  duration_ms: 2.1511
  type: 'test'
  ...
# Subtest: H01 확인한 조건의 후보 일치
ok 20 - H01 확인한 조건의 후보 일치
  ---
  duration_ms: 0.3576
  type: 'test'
  ...
# Subtest: H02 확인한 조건의 후보 일치
ok 21 - H02 확인한 조건의 후보 일치
  ---
  duration_ms: 0.1192
  type: 'test'
  ...
# Subtest: H03 확인한 조건의 후보 일치
ok 22 - H03 확인한 조건의 후보 일치
  ---
  duration_ms: 13.3054
  type: 'test'
  ...
# Subtest: H04 확인한 조건의 후보 일치
ok 23 - H04 확인한 조건의 후보 일치
  ---
  duration_ms: 0.297
  type: 'test'
  ...
# Subtest: H05 확인한 조건의 후보 일치
ok 24 - H05 확인한 조건의 후보 일치
  ---
  duration_ms: 0.2679
  type: 'test'
  ...
# Subtest: H06 확인한 조건의 후보 일치
ok 25 - H06 확인한 조건의 후보 일치
  ---
  duration_ms: 0.3314
  type: 'test'
  ...
# Subtest: H07 확인한 조건의 후보 일치
ok 26 - H07 확인한 조건의 후보 일치
  ---
  duration_ms: 0.2299
  type: 'test'
  ...
# Subtest: H08 확인한 조건의 후보 일치
ok 27 - H08 확인한 조건의 후보 일치
  ---
  duration_ms: 0.1925
  type: 'test'
  ...
# Subtest: H09 확인한 조건의 후보 일치
ok 28 - H09 확인한 조건의 후보 일치
  ---
  duration_ms: 0.2861
  type: 'test'
  ...
# Subtest: H10 확인한 조건의 후보 일치
ok 29 - H10 확인한 조건의 후보 일치
  ---
  duration_ms: 0.1863
  type: 'test'
  ...
# Subtest: H11 확인한 조건의 후보 일치
ok 30 - H11 확인한 조건의 후보 일치
  ---
  duration_ms: 0.151
  type: 'test'
  ...
# Subtest: H12 확인한 조건의 후보 일치
ok 31 - H12 확인한 조건의 후보 일치
  ---
  duration_ms: 0.1217
  type: 'test'
  ...
# Subtest: 사용자 원문에 없는 인용, assistant 인용 거절
ok 32 - 사용자 원문에 없는 인용, assistant 인용 거절
  ---
  duration_ms: 0.8978
  type: 'test'
  ...
# Subtest: 필수 조건과 근거 누락 거절
ok 33 - 필수 조건과 근거 누락 거절
  ---
  duration_ms: 0.1997
  type: 'test'
  ...
# Subtest: 선호 배열이 비어도 쌀 필수 조건은 추천 보류
ok 34 - 선호 배열이 비어도 쌀 필수 조건은 추천 보류
  ---
  duration_ms: 0.247
  type: 'test'
  ...
# Subtest: 예약 운영 증거: 실제 기록과 중복·소급 방지
ok 35 - 예약 운영 증거: 실제 기록과 중복·소급 방지
  ---
  duration_ms: 81.5104
  type: 'test'
  ...
# Subtest: 공개본: 개인 응답 원문과 개인 컴퓨터 경로 없음
ok 36 - 공개본: 개인 응답 원문과 개인 컴퓨터 경로 없음
  ---
  duration_ms: 5.118
  type: 'test'
  ...
# Subtest: 검토 후보의 조건·신선도 검사
    # Subtest: 쌀 필수는 대안 없음
    ok 1 - 쌀 필수는 대안 없음
      ---
      duration_ms: 1.2691
      type: 'test'
      ...
    # Subtest: 비선호 배제
    ok 2 - 비선호 배제
      ---
      duration_ms: 10.3265
      type: 'test'
      ...
    # Subtest: 오래된 자료는 제외
    ok 3 - 오래된 자료는 제외
      ---
      duration_ms: 0.1635
      type: 'test'
      ...
    # Subtest: 미래 확인일은 제외
    ok 4 - 미래 확인일은 제외
      ---
      duration_ms: 0.1272
      type: 'test'
      ...
    # Subtest: 보류 후보 제외
    ok 5 - 보류 후보 제외
      ---
      duration_ms: 0.1213
      type: 'test'
      ...
    # Subtest: 종료 기간 제외
    ok 6 - 종료 기간 제외
      ---
      duration_ms: 0.1348
      type: 'test'
      ...
    # Subtest: 선호와 비선호 충돌 거절
    ok 7 - 선호와 비선호 충돌 거절
      ---
      duration_ms: 0.2679
      type: 'test'
      ...
    # Subtest: 임의 태그 거절
    ok 8 - 임의 태그 거절
      ---
      duration_ms: 0.1326
      type: 'test'
      ...
    # Subtest: 빈 취향 확인 질문
    ok 9 - 빈 취향 확인 질문
      ---
      duration_ms: 0.1275
      type: 'test'
      ...
    1..9
ok 37 - 검토 후보의 조건·신선도 검사
  ---
  duration_ms: 14.8711
  type: 'test'
  ...
# Subtest: 평가 기록·운영 검토·복구
    # Subtest: 초기 실제 평가 0·평균 미측정
    ok 1 - 초기 실제 평가 0·평균 미측정
      ---
      duration_ms: 1.2626
      type: 'test'
      ...
    # Subtest: 동의 없으면 시작 불가
    ok 2 - 동의 없으면 시작 불가
      ---
      duration_ms: 0.3054
      type: 'test'
      ...
    # Subtest: 다른 사람 평가 접근 불가
    ok 3 - 다른 사람 평가 접근 불가
      ---
      duration_ms: 0.2588
      type: 'test'
      ...
    # Subtest: 진행 중 중복 평가 거절
    ok 4 - 진행 중 중복 평가 거절
      ---
      duration_ms: 0.2332
      type: 'test'
      ...
    # Subtest: 미선택 시음 평가 거절 0
    ok 5 - 미선택 시음 평가 거절 0
      ---
      duration_ms: 0.6941
      type: 'test'
      ...
    # Subtest: 미선택 시음 평가 거절 1
    ok 6 - 미선택 시음 평가 거절 1
      ---
      duration_ms: 0.1998
      type: 'test'
      ...
    # Subtest: 합성 시험은 실제 완료 수에서 제외
    ok 7 - 합성 시험은 실제 완료 수에서 제외
      ---
      duration_ms: 0.3064
      type: 'test'
      ...
    # Subtest: 완료 평가 재작성 거절
    ok 8 - 완료 평가 재작성 거절
      ---
      duration_ms: 0.1939
      type: 'test'
      ...
    # Subtest: 회원 운영자 기능 차단
    ok 9 - 회원 운영자 기능 차단
      ---
      duration_ms: 0.1522
      type: 'test'
      ...
    # Subtest: 다른 사례 출처 혼합 거절
    ok 10 - 다른 사례 출처 혼합 거절
      ---
      duration_ms: 0.1904
      type: 'test'
      ...
    # Subtest: 보류 반영
    ok 11 - 보류 반영
      ---
      duration_ms: 0.4124
      type: 'test'
      ...
    # Subtest: 기존 버전 복구·이력 보존
    ok 12 - 기존 버전 복구·이력 보존
      ---
      duration_ms: 0.2525
      type: 'test'
      ...
    # Subtest: 목록 부재를 단종으로 변경 못 함
    ok 13 - 목록 부재를 단종으로 변경 못 함
      ---
      duration_ms: 0.1803
      type: 'test'
      ...
    # Subtest: 근거 묶음에 개인 응답 없음
    ok 14 - 근거 묶음에 개인 응답 없음
      ---
      duration_ms: 0.34
      type: 'test'
      ...
    # Subtest: 철회하면 원문 제거·집계 제외
    ok 15 - 철회하면 원문 제거·집계 제외
      ---
      duration_ms: 0.2832
      type: 'test'
      ...
    1..15
ok 38 - 평가 기록·운영 검토·복구
  ---
  duration_ms: 13.5005
  type: 'test'
  ...
# Subtest: HTTP 회원·게시·투표·권한 통합
    # Subtest: 비회원은 게시 목록 불가
    ok 1 - 비회원은 게시 목록 불가
      ---
      duration_ms: 57.957
      type: 'test'
      ...
    # Subtest: 외부 Origin과 헤더 누락 차단
    ok 2 - 외부 Origin과 헤더 누락 차단
      ---
      duration_ms: 29.3952
      type: 'test'
      ...
    # Subtest: 짧은 비밀번호 차단
    ok 3 - 짧은 비밀번호 차단
      ---
      duration_ms: 4.604
      type: 'test'
      ...
    # Subtest: 초대 가입과 쿠키
    ok 4 - 초대 가입과 쿠키
      ---
      duration_ms: 36.8228
      type: 'test'
      ...
    # Subtest: 초대 재사용 거절
    ok 5 - 초대 재사용 거절
      ---
      duration_ms: 28.7652
      type: 'test'
      ...
    # Subtest: 다른 회원과 운영자 가입
    ok 6 - 다른 회원과 운영자 가입
      ---
      duration_ms: 72.3617
      type: 'test'
      ...
    # Subtest: 비밀번호 평문 미저장
    ok 7 - 비밀번호 평문 미저장
      ---
      duration_ms: 0.2518
      type: 'test'
      ...
    # Subtest: 잘못된 로그인 거절
    ok 8 - 잘못된 로그인 거절
      ---
      duration_ms: 29.9472
      type: 'test'
      ...
    # Subtest: 동의 없는 게시 거절
    ok 9 - 동의 없는 게시 거절
      ---
      duration_ms: 22.2892
      type: 'test'
      ...
    # Subtest: 개인정보 패턴 게시 차단
    ok 10 - 개인정보 패턴 게시 차단
      ---
      duration_ms: 2.3548
      type: 'test'
      ...
    # Subtest: 실제 저장과 목록 읽기
    ok 11 - 실제 저장과 목록 읽기
      ---
      duration_ms: 9.5506
      type: 'test'
      ...
    # Subtest: 타인의 게시물 수정 거절
    ok 12 - 타인의 게시물 수정 거절
      ---
      duration_ms: 1.842
      type: 'test'
      ...
    # Subtest: 작성자 수정과 오래된 버전 충돌
    ok 13 - 작성자 수정과 오래된 버전 충돌
      ---
      duration_ms: 19.1841
      type: 'test'
      ...
    # Subtest: 같은 표를 반복해도 한 표
    ok 14 - 같은 표를 반복해도 한 표
      ---
      duration_ms: 15.9758
      type: 'test'
      ...
    # Subtest: 이유 변경과 취소
    ok 15 - 이유 변경과 취소
      ---
      duration_ms: 68.9066
      type: 'test'
      ...
    # Subtest: 신고 저장과 중복 방지
    ok 16 - 신고 저장과 중복 방지
      ---
      duration_ms: 32.787
      type: 'test'
      ...
    # Subtest: 운영 화면 권한
    ok 17 - 운영 화면 권한
      ---
      duration_ms: 15.134
      type: 'test'
      ...
    # Subtest: 운영자 숨김·복구 및 숨긴 글 투표 차단
    ok 18 - 운영자 숨김·복구 및 숨긴 글 투표 차단
      ---
      duration_ms: 44.1605
      type: 'test'
      ...
    # Subtest: 취향 API 전송 동의 필수
    ok 19 - 취향 API 전송 동의 필수
      ---
      duration_ms: 43.7067
      type: 'test'
      ...
    # Subtest: 요약 API 근거와 표본 건수
    ok 20 - 요약 API 근거와 표본 건수
      ---
      duration_ms: 14.7567
      type: 'test'
      ...
    # Subtest: 조건 검사와 출처
    ok 21 - 조건 검사와 출처
      ---
      duration_ms: 20.1244
      type: 'test'
      ...
    # Subtest: 비선호 겹침은 잘못된 입력
    ok 22 - 비선호 겹침은 잘못된 입력
      ---
      duration_ms: 7.9085
      type: 'test'
      ...
    # Subtest: 비공개 전환 및 빈 자료 요약 차단
    ok 23 - 비공개 전환 및 빈 자료 요약 차단
      ---
      duration_ms: 55.9697
      type: 'test'
      ...
    # Subtest: 로그아웃 세션 폐기
    ok 24 - 로그아웃 세션 폐기
      ---
      duration_ms: 15.4737
      type: 'test'
      ...
    # Subtest: 키와 DB 파일 제공 안 함
    ok 25 - 키와 DB 파일 제공 안 함
      ---
      duration_ms: 17.3446
      type: 'test'
      ...
    1..25
ok 39 - HTTP 회원·게시·투표·권한 통합
  ---
  duration_ms: 693.6383
  type: 'test'
  ...
# Subtest: AI 출력 검사
ok 40 - AI 출력 검사
  ---
  duration_ms: 0.4007
  type: 'test'
  ...
# Subtest: Gemini 실제 호출 없이 오류 경로 검사
    # Subtest: 정상 JSON
    ok 1 - 정상 JSON
      ---
      duration_ms: 1.0266
      type: 'test'
      ...
    # Subtest: 잘못된 응답은 적용하지 않음
    ok 2 - 잘못된 응답은 적용하지 않음
      ---
      duration_ms: 0.8478
      type: 'test'
      ...
    # Subtest: 한도 오류
    ok 3 - 한도 오류
      ---
      duration_ms: 0.1489
      type: 'test'
      ...
    # Subtest: 시간 초과
    ok 4 - 시간 초과
      ---
      duration_ms: 0.148
      type: 'test'
      ...
    # Subtest: 키 없으면 호출 안 함
    ok 5 - 키 없으면 호출 안 함
      ---
      duration_ms: 0.1068
      type: 'test'
      ...
    1..5
ok 41 - Gemini 실제 호출 없이 오류 경로 검사
  ---
  duration_ms: 2.6468
  type: 'test'
  ...
# Subtest: AI 호출 상한과 민감정보 없는 운영 기록
ok 42 - AI 호출 상한과 민감정보 없는 운영 기록
  ---
  duration_ms: 1.3475
  type: 'test'
  ...
1..42
# tests 96
# suites 0
# pass 96
# fail 0
# cancelled 0
# skipped 0
# todo 0
# duration_ms 896.1362
